// Jest Snapshot v1, https://goo.gl/fbAQLP

exports[`renders correctly 1`] = `
<View
  style={
    Object {
      "flexGrow": 1,
      "justifyContent": "center",
    }
  }
>
  <Text
    accessible={true}
    allowFontScaling={true}
    ellipsizeMode="tail"
    style={
      Object {
        "fontSize": 25,
        "fontWeight": "bold",
      }
    }
  >
    Some sort of property
  </Text>
  <Image
    source={
      Object {
        "uri": "https://lid.zoocdn.com/645/430/14b6a430b76a235e8de2ba02d695e7a0bd789b40.jpg",
      }
    }
    style={
      Object {
        "height": 400,
        "marginVertical": 20,
        "width": 400,
      }
    }
  />
</View>
`;
